// Jest Snapshot v1, https://goo.gl/fbAQLP

exports[`Button scenarios 1`] = `
<span
  className="sc-AxjAm IUULe"
>
  Hello
</span>
`;
