// Jest Snapshot v1, https://goo.gl/fbAQLP

exports[`Input scenarios 1`] = `
<input
  className="sc-fzozJi fbOHBz"
  type="text"
  value="foo"
/>
`;
